Digest — last 7 days (2026-06-30 → 2026-07-07)

Summary

- Commits: 3
- Files touched: 5
- Lines: +120 / -30

By author

| Author | Commits | Lines (+/-) |
|---|---|---|
| Alice | 2 | +100 / -20 |

By topic

| Topic (type) | Commits |
|---|---|
| feat | 2 |

Top changed files

↑/↓ j/k scroll · PgUp/PgDn · q quit